flutter : [+1199 ms] Warning: SDK processing. This version only understands SDK XML versions up to 3 but an SDK XML file of version 4 was 
encountered. This can happen if you use versions of Android Studio and the command-line tools that were released at different times.
At line:1 char:6
+ cls; flutter build apk --release -v > build_log.txt 2> build_errors.t ...
+      ~~~~~~~~~~~~~~~~~~~~~~~~~~~~~~~~~~~~~~~~~~~~~~~~~~~~~~~~~~~~~~~~
    + CategoryInfo          : NotSpecified: ([+1199 ms] Warn...ifferent times.:String) [], RemoteException
    + FullyQualifiedErrorId : NativeCommandError
 
